// Bun Snapshot v1, https://goo.gl/fbAQLP

exports[`Button should render a button 1`] = `"<button data-testid="button" type="button" class="rounded px-3 py-2 bg-indigo-600 text-white dark:bg-emerald-500 "></button>"`;

exports[`Button should render a submit button 1`] = `"<button data-testid="button" type="submit" class="rounded px-3 py-2 bg-indigo-600 text-white dark:bg-emerald-500 "></button>"`;
